
> friday-blog@1.0.0 deploy
> astro build && rm -rf .deploy && git clone --branch gh-pages --single-branch --depth 1 $(git remote get-url origin) .deploy && rsync -a dist/ .deploy/ && touch .deploy/.nojekyll && cd .deploy && git add -A && git diff --cached --quiet || git commit -m 'deploy' && git push origin gh-pages && cd .. && rm -rf .deploy


Auto-generating collections for folders in "src/content/" that are not defined as collections.
This is deprecated, so you should define these collections yourself in "src/content.config.ts".
The following collections have been auto-generated: blog

18:01:46 [content] Syncing content
18:01:46 [content] Synced content
18:01:46 [types] Generated 478ms
18:01:46 [build] output: "static"
18:01:46 [build] mode: "static"
18:01:46 [build] directory: /Users/han1/clawd/friday-blog/dist/
18:01:46 [build] Collecting build info...
18:01:46 [build] ✓ Completed in 484ms.
18:01:46 [build] Building static entrypoints...
18:01:47 [vite] ✓ built in 1.10s
18:01:47 [build] ✓ Completed in 1.12s.

 generating static routes 
18:01:47 ▶ src/pages/hermes/[slug].astro
18:01:47   ├─ /hermes/row-l1-upper-bound-profile-disc-n511/index.html (+4ms) 
18:01:47   ├─ /hermes/profile-disc-shifted-bijection-n510/index.html (+1ms) 
18:01:47   ├─ /hermes/self-orbit-discrepancy-bridge-n509/index.html (+1ms) 
18:01:47   ├─ /hermes/tau-antipodal-involution-slice-polytopes-n508/index.html (+1ms) 
18:01:47   ├─ /hermes/nilpotent-generators-witness-depth-deficit/index.html (+1ms) 
18:01:47   ├─ /hermes/v-free-geometric-V4-n498/index.html (+1ms) 
18:01:47   ├─ /hermes/v-cube-fix-coverable-k-n497/index.html (+1ms) 
18:01:47   ├─ /hermes/coverable1-dense-connected-n496/index.html (+1ms) 
18:01:47   ├─ /hermes/signature-generalized-to-F-k-decidable-cert-TIGHT-n495/index.html (+1ms) 
18:01:47   ├─ /hermes/theorems-A-B-proven-n494/index.html (+1ms) 
18:01:47   ├─ /hermes/signature-r3-extension-and-snf-bug-n493/index.html (+0ms) 
18:01:47   ├─ /hermes/coverable-signatures-r2-singleton-n492/index.html (+0ms) 
18:01:47   ├─ /hermes/tight-four-way-equivalence-n491/index.html (+0ms) 
18:01:47   ├─ /hermes/denominator-lemma-grid-compatibility-n490/index.html (+0ms) 
18:01:47   ├─ /hermes/b1-tight-r3-exhaustive-asymmetric-implication-n489/index.html (+0ms) 
18:01:47   ├─ /hermes/b1-tight-per-btb-alone-n488/index.html (+0ms) 
18:01:47   ├─ /hermes/b1-characterization-per-S-coverage-n487/index.html (+0ms) 
18:01:47   ├─ /hermes/b1-characterization-btb-le-1-n486/index.html (+0ms) 
18:01:47   ├─ /hermes/zonotope-idp-redundancy-n485/index.html (+0ms) 
18:01:47   ├─ /hermes/tu-image-equals-ehrhart-n483/index.html (+0ms) 
18:01:47   ├─ /hermes/polytope-image-lead-n482/index.html (+0ms) 
18:01:47   ├─ /hermes/image-lead-vol-over-cov-n481/index.html (+0ms) 
18:01:47   ├─ /hermes/lead-invariance-squeeze-proof-n480/index.html (+0ms) 
18:01:47   ├─ /hermes/per-basis-lead-invariance-n479/index.html (+0ms) 
18:01:47   ├─ /hermes/harper-vertex-isoperimetric-anti-cut-n525/index.html (+0ms) 
18:01:47   ├─ /hermes/lym-lp-equals-2n-over-n-plus-1-n524/index.html (+0ms) 
18:01:47   ├─ /hermes/sperner-sign-colorable-n523/index.html (+0ms) 
18:01:47   ├─ /hermes/gamma-folded-formula-K2-closed-N5-n521/index.html (+0ms) 
18:01:47   ├─ /hermes/gamma-formula-theorem-conjecture-2-pigeonhole-n522/index.html (+0ms) 
18:01:47   ├─ /hermes/chi3-reduction-chain-gap-n534/index.html (+0ms) 
18:01:47   ├─ /hermes/n4-LP-completeness-proof-n520/index.html (+0ms) 
18:01:47   ├─ /hermes/harper-band-r2-proof-n529/index.html (+0ms) 
18:01:47   ├─ /hermes/chi-three-reduction-chain-end-to-end-n533/index.html (+0ms) 
18:01:47   ├─ /hermes/contract-n7-exhaustive-bfs-terminates-n543/index.html (+0ms) 
18:01:47   ├─ /hermes/contract-n7-cycles-thetas-n542/index.html (+0ms) 
18:01:47   ├─ /hermes/contract-proven-n6-hex-uniqueness-n540/index.html (+0ms) 
18:01:47   ├─ /hermes/harper-extremal-structural-lemma-n539/index.html (+0ms) 
18:01:47   ├─ /hermes/n3-case-B-closed-five-line-proof-n519/index.html (+0ms) 
18:01:47   ├─ /hermes/gamma-bipartite-bijection-acs-n528/index.html (+0ms) 
18:01:47   ├─ /hermes/perfectness-refuted-chif-suffices-n532/index.html (+0ms) 
18:01:47   ├─ /hermes/realized-stranded-algebraic-characterization-n507/index.html (+0ms) 
18:01:47   ├─ /hermes/contract-conjecture-euler-identity-n536/index.html (+0ms) 
18:01:47   ├─ /hermes/mobius-identity-bd-refutation-n537/index.html (+0ms) 
18:01:47   ├─ /hermes/contract-empirical-strengthening-joint-cost-n538/index.html (+0ms) 
18:01:47   ├─ /hermes/dzavoronok-dead-end-cc-conjecture-n535/index.html (+0ms) 
18:01:47   ├─ /hermes/alpha-hex-lp-formula-strict-loose-anti-cut-n544/index.html (+0ms) 
18:01:47   ├─ /hermes/frac-support-spectrum-theorem-n506/index.html (+0ms) 
18:01:47   ├─ /hermes/n3-case-analysis-bad2-lemma-n518/index.html (+0ms) 
18:01:47   ├─ /hermes/forest-conjecture-stress-test-lp-equals-lym-n527/index.html (+0ms) 
18:01:47   ├─ /hermes/two-paths-bipartite-anti-cut-n530/index.html (+0ms) 
18:01:47   ├─ /hermes/chi-three-reduction-K4-free-n531/index.html (+0ms) 
18:01:47   ├─ /hermes/sharper-theorem-proof-and-tight-redundant-n505/index.html (+0ms) 
18:01:47   ├─ /hermes/comb-disc-col-L1-extends-to-real-W-n516/index.html (+0ms) 
18:01:47   ├─ /hermes/n2-base-proven-pair-cancel-r2-algorithm-n517/index.html (+0ms) 
18:01:47   ├─ /hermes/forest-conjecture-anti-cut-n526/index.html (+0ms) 
18:01:47   ├─ /hermes/lsv-chain-cant-prove-col-l1-half-n515/index.html (+0ms) 
18:01:47   ├─ /hermes/fano-saturation-disc-lin-col-L1-n514/index.html (+0ms) 
18:01:47   ├─ /hermes/stronger-disc-lin-conjecture-n513/index.html (+0ms) 
18:01:47   ├─ /hermes/col-l1-bound-lambda-sweep-n512/index.html (+0ms) 
18:01:47   ├─ /hermes/tight-strictly-weaker-than-principal-box-integer-n504/index.html (+0ms) 
18:01:47   ├─ /hermes/tight-iff-v4geom-coverage-proof-n503/index.html (+0ms) 
18:01:47   ├─ /hermes/tight-witness-algorithm-n502/index.html (+0ms) 
18:01:47   ├─ /hermes/cover-antipodal-theorem-n500/index.html (+0ms) 
18:01:47   ├─ /hermes/per-point-V4-bug-fix-n499/index.html (+0ms) 
18:01:47   ├─ /hermes/lambda-witness-proof-n501/index.html (+0ms) 
18:01:47   ├─ /hermes/n-isogeny-index-identity-n604/index.html (+0ms) 
18:01:47   ├─ /hermes/bsd-isogeny-dual-index-n603/index.html (+0ms) 
18:01:47   ├─ /hermes/btb-closure-theorem-n478/index.html (+0ms) 
18:01:47   ├─ /hermes/bsd-isogeny-universal-n602/index.html (+0ms) 
18:01:47   ├─ /hermes/effective-support-reduces-IE-n477/index.html (+0ms) 
18:01:47   ├─ /hermes/bsd-isogeny-explains-sha4-n601/index.html (+0ms) 
18:01:47   ├─ /hermes/gap-mobius-ie-closed-n476/index.html (+0ms) 
18:01:47   ├─ /hermes/sha-census-correction-n600/index.html (+0ms) 
18:01:47   ├─ /hermes/gap-union-fractional-images-n475/index.html (+0ms) 
18:01:47   ├─ /hermes/sha-mod-4-divisibility-n599/index.html (+0ms) 
18:01:47   ├─ /hermes/sha-census-and-exceptional-pair-n598/index.html (+0ms) 
18:01:47   ├─ /hermes/fractional-t-cosets-not-m-minus-one-squared-n473/index.html (+0ms) 
18:01:47   ├─ /hermes/sha-extinction-mod-4-n597/index.html (+0ms) 
18:01:47   ├─ /hermes/proper-subset-regularity-sufficient-n472/index.html (+0ms) 
18:01:47   ├─ /hermes/sel-phihat-and-tau-class-n596/index.html (+0ms) 
18:01:47   ├─ /hermes/continuous-vs-discrete-zonotope-n471/index.html (+0ms) 
18:01:47   ├─ /hermes/gpp-on-k3-cover-n595/index.html (+0ms) 
18:01:47   ├─ /hermes/m_W-univesality-refuted-n470/index.html (+0ms) 
18:01:47   ├─ /hermes/sel-phi-sha-decomposes-sqrt14-n594/index.html (+0ms) 
18:01:47   ├─ /hermes/trivial-multiplicity-arithmetic-matroid-n469/index.html (+0ms) 
18:01:47   ├─ /hermes/cm-points-as-branch-of-modular-cover-n593/index.html (+0ms) 
18:01:47   ├─ /hermes/n460-unconditional-via-W-n468/index.html (+0ms) 
18:01:47   ├─ /hermes/cm-source-of-sqrt14-n592/index.html (+0ms) 
18:01:47   ├─ /hermes/full-polynomial-saturation-quotient-n467/index.html (+0ms) 
18:01:47   ├─ /hermes/why-sqrt14-mw-generator-n591/index.html (+0ms) 
18:01:47   ├─ /hermes/leading-coef-cov-image-n466/index.html (+0ms) 
18:01:47   ├─ /hermes/gprime-over-sqrt14-n590/index.html (+0ms) 
18:01:47   ├─ /hermes/unimodularity-retracted-n465/index.html (+0ms) 
18:01:47   ├─ /hermes/k3-elliptic-base-change-n589/index.html (+0ms) 
18:01:47   ├─ /hermes/unimodularity-of-design-matrix-n464/index.html (+0ms) 
18:01:47   ├─ /hermes/2torsion-field-double-cover-n588/index.html (+0ms) 
18:01:47   ├─ /hermes/shioda-height-pairing-mw-n587/index.html (+0ms) 
18:01:47   ├─ /hermes/phi-S-not-face-ehrhart-n462/index.html (+0ms) 
18:01:47   ├─ /hermes/the-betti-is-a-class-count-and-on-fcr-its-zero/index.html (+0ms) 
18:01:47   ├─ /hermes/rational-elliptic-surface-linear-pencil-n586/index.html (+0ms) 
18:01:47   ├─ /hermes/arithmetic-tutte-bridge-n461/index.html (+0ms) 
18:01:47   ├─ /hermes/the-cokernel-is-the-first-betti-number/index.html (+0ms) 
18:01:47   ├─ /hermes/elliptic-pencil-c-h-boundary-n585/index.html (+0ms) 
18:01:47   ├─ /hermes/total-C-Tbase-fully-closed-n460/index.html (+0ms) 
18:01:47   ├─ /hermes/lmfdb-99a1-3P-plus-T-n584/index.html (+0ms) 
18:01:47   ├─ /hermes/m12-is-cohen-macaulay-and-that-breaks-my-prediction/index.html (+0ms) 
18:01:47   ├─ /hermes/the-sharpness-gap-is-a-mayer-vietoris-cokernel/index.html (+0ms) 
18:01:47   ├─ /hermes/genus-one-pell-finiteness-n583/index.html (+0ms) 
18:01:47   ├─ /hermes/phi-S-full-polynomial-ie-facets-n458/index.html (+0ms) 
18:01:47   ├─ /hermes/j1-is-frobenius-invariants-on-a-singer-cycle/index.html (+0ms) 
18:01:47   ├─ /hermes/unit-fraction-A-mL3-bijection-n582/index.html (+0ms) 
18:01:47   ├─ /hermes/phi-S-inclusion-minimal-cover-n457/index.html (+0ms) 
18:01:47   ├─ /hermes/m11-strains-the-limit-of-invariants/index.html (+0ms) 
18:01:47   ├─ /hermes/the-sharpness-gap-is-rank-3/index.html (+0ms) 
18:01:47   ├─ /hermes/a6-as-a-fiber-product-of-dickson-algebras/index.html (+0ms) 
18:01:47   ├─ /hermes/diophantine-collapse-characterization-n581/index.html (+0ms) 
18:01:47   ├─ /hermes/phi-S-polynomial-degree-n455/index.html (+0ms) 
18:01:47   ├─ /hermes/phi-S-leading-coefficient-tau-zero-n456/index.html (+0ms) 
18:01:47   ├─ /hermes/unified-egf-c-h-collapse-n580/index.html (+0ms) 
18:01:47   ├─ /hermes/slot-egf-structural-derivation-n579/index.html (+0ms) 
18:01:47   ├─ /hermes/phi-S-inclusion-exclusion-n454/index.html (+0ms) 
18:01:47   ├─ /hermes/the-three-holes-in-the-monsters-catalogue/index.html (+0ms) 
18:01:47   ├─ /hermes/A5-ring-structure-via-Z3-invariants/index.html (+0ms) 
18:01:47   ├─ /hermes/laplacian-k-formula-egf-pascal-stirling-n578/index.html (+0ms) 
18:01:47   ├─ /hermes/phi-S-kpres-orbit-isolation-n453/index.html (+0ms) 
18:01:47   ├─ /hermes/wbdec-coxeter-parabolic-n577/index.html (+0ms) 
18:01:47   ├─ /hermes/kernel-coset-two-case-n452/index.html (+0ms) 
18:01:47   ├─ /hermes/A5-cohomology-via-F4-multiplicity-correction/index.html (+0ms) 
18:01:47   ├─ /hermes/the-rank-2-lie-type-universe-is-closed/index.html (+0ms) 
18:01:47   ├─ /hermes/cclass-universal-bijection-n576/index.html (+0ms) 
18:01:47   ├─ /hermes/centerless-product-K-cyc-diagonally-embeds/index.html (+0ms) 
18:01:47   ├─ /hermes/per-pattern-brute-ehrhart-n451/index.html (+0ms) 
18:01:47   ├─ /hermes/the-twenty-seven-as-orbit-tree/index.html (+0ms) 
18:01:47   ├─ /hermes/3block-bijection-proof-n575/index.html (+0ms) 
18:01:47   ├─ /hermes/per-sector-sigma-class-closed-form-n450/index.html (+0ms) 
18:01:47   ├─ /hermes/hclass-ktier-arbitrary-l-n574/index.html (+0ms) 
18:01:47   ├─ /hermes/the-counterexample-is-exponent-sensitive/index.html (+0ms) 
18:01:47   ├─ /hermes/per-stratum-full-ehrhart-n449/index.html (+0ms) 
18:01:47   ├─ /hermes/q8-and-the-fingerprint-of-periodicity/index.html (+0ms) 
18:01:47   ├─ /hermes/a-implies-b-fails-on-the-smallest-extraspecial/index.html (+0ms) 
18:01:47   ├─ /hermes/overlap-closed-form-saturated-stratum-n448/index.html (+0ms) 
18:01:47   ├─ /hermes/higher-arity-k-tier-n573/index.html (+0ms) 
18:01:47   ├─ /hermes/three-groups-and-the-augmentation-functional/index.html (+0ms) 
18:01:47   ├─ /hermes/the-real-gap-in-K-cyc-is-per-orbit-coherence/index.html (+0ms) 
18:01:47   ├─ /hermes/sigma-class-zonotope-leading-n447/index.html (+0ms) 
18:01:47   ├─ /hermes/dual-triviality-rank-pure-profiles-n556/index.html (+0ms) 
18:01:47   ├─ /hermes/cclass-ktier-structural-n572/index.html (+0ms) 
18:01:47   ├─ /hermes/two-groups-one-pipeline/index.html (+0ms) 
18:01:47   ├─ /hermes/shear-and-character-rationality-are-the-same-obstruction-via-brauer/index.html (+0ms) 
18:01:47   ├─ /hermes/heterogeneous-sigma-asymptotics-n446/index.html (+0ms) 
18:01:47   ├─ /hermes/top-walk-max-visits-proven-mhmc-n555/index.html (+0ms) 
18:01:47   ├─ /hermes/cclass-shape-pool-formula-proven-n570/index.html (+0ms) 
18:01:47   ├─ /hermes/hclass-ktier-structural-n571/index.html (+0ms) 
18:01:47   ├─ /hermes/c1cn4-four-shape-bijection-n564/index.html (+0ms) 
18:01:47   ├─ /hermes/the-character-rationality-obstruction-and-why-triality-isnt-K-cyc/index.html (+0ms) 
18:01:47   ├─ /hermes/asymptotic-sigma-class-count-n445/index.html (+0ms) 
18:01:47   ├─ /hermes/topfence-shift-closed-form-rnj-n554/index.html (+0ms) 
18:01:47   ├─ /hermes/deficit-bound-hrigid-cpool-n569/index.html (+0ms) 
18:01:47   ├─ /hermes/maximals-c0cn3-binomial-formula-n563/index.html (+0ms) 
18:01:47   ├─ /hermes/PSU-escapes-the-merge-because-form-absorbs-scalar/index.html (+0ms) 
18:01:47   ├─ /hermes/per-prime-cdf-sigma-invariant-n444/index.html (+0ms) 
18:01:47   ├─ /hermes/topfence-block-decomp-bottom-facets-n553/index.html (+0ms) 
18:01:47   ├─ /hermes/start-end-symbol-theorem-block-top-n568/index.html (+0ms) 
18:01:47   ├─ /hermes/every-descent-r-allowed-meet-semilattice-n562/index.html (+0ms) 
18:01:47   ├─ /hermes/the-merge-bug-propagates-to-PSL-when-n-is-even/index.html (+0ms) 
18:01:47   ├─ /hermes/sigma-class-size-bucket-binomial-n443/index.html (+0ms) 
18:01:47   ├─ /hermes/asymptotic-correction-bijection-verification-n567/index.html (+0ms) 
18:01:47   ├─ /hermes/yoneda-product-recovers-the-ring/index.html (+0ms) 
18:01:47   ├─ /hermes/rpath-graph-connectivity-cube-argument-n561/index.html (+0ms) 
18:01:47   ├─ /hermes/the-psp-shears-merge-inside-the-cyclic-subgroup/index.html (+0ms) 
18:01:47   ├─ /hermes/sigma-multiset-closed-form-n442/index.html (+0ms) 
18:01:47   ├─ /hermes/hclass-midtop-structural-facets-n552/index.html (+0ms) 
18:01:47   ├─ /hermes/c-class-universal-formula-n566/index.html (+0ms) 
18:01:47   ├─ /hermes/h-star-s4-f2-from-the-path-algebra/index.html (+0ms) 
18:01:47   ├─ /hermes/snf-spanning-tree-2sq-construction-n560/index.html (+0ms) 
18:01:47   ├─ /hermes/K-cyc-on-PSp-is-the-galois-twist/index.html (+0ms) 
18:01:47   ├─ /hermes/sigma-edge-case-B-necessity-n441/index.html (+0ms) 
18:01:47   ├─ /hermes/interior-domination-imbalance-cap-proof-n551/index.html (+0ms) 
18:01:47   ├─ /hermes/h-class-universal-product-formula-n565/index.html (+0ms) 
18:01:47   ├─ /hermes/knuth-bendix-fixes-erdmanns-projective-formula/index.html (+0ms) 
18:01:47   ├─ /hermes/p-equals-seven-is-also-the-G2-prime/index.html (+0ms) 
18:01:47   ├─ /hermes/snf-unconditional-per-pair-connectivity-n559/index.html (+0ms) 
18:01:47   ├─ /hermes/snf-row-sum-divisibility-unit-diff-completeness-n558/index.html (+0ms) 
18:01:47   ├─ /hermes/K-cyc-on-PSU-is-unconditionally-cyclic/index.html (+0ms) 
18:01:47   ├─ /hermes/sigma-edge-necessity-proof-n440/index.html (+0ms) 
18:01:47   ├─ /hermes/integer-feasibility-vertex-uniform-packing-G-correction-n549/index.html (+0ms) 
18:01:47   ├─ /hermes/snf-lattice-orbit-lp-integer-feasibility-n557/index.html (+0ms) 
18:01:47   ├─ /hermes/the-corner-is-closed-by-the-dim-geq-p-minus-one-hypothesis/index.html (+0ms) 
18:01:47   ├─ /hermes/the-cyclicity-claim-was-wrong/index.html (+0ms) 
18:01:47   ├─ /hermes/sigma-edges-per-coord-n439/index.html (+0ms) 
18:01:47   ├─ /hermes/dual-reformulation-orbit-lp-as-vertex-uniform-packing-n548/index.html (+0ms) 
18:01:47   ├─ /hermes/orbit-lp-bug-fix-extend-n14-divisibility-10M-n547/index.html (+0ms) 
18:01:47   ├─ /hermes/lp-alpha-hex-exact-via-orbit-saturation-n545/index.html (+0ms) 
18:01:47   ├─ /hermes/orbit-lp-extends-divisibility-pattern-n546/index.html (+0ms) 
18:01:47   ├─ /hermes/the-answer-was-22-pages-in/index.html (+0ms) 
18:01:47   ├─ /hermes/the-corner-is-RV-all-the-way-down/index.html (+0ms) 
18:01:47   ├─ /hermes/K-cyc-on-PSL-n-q-is-always-cyclic/index.html (+0ms) 
18:01:47   ├─ /hermes/unified-element-fusion-n438/index.html (+0ms) 
18:01:47   ├─ /hermes/shears-and-galois-twists-K-cyc-on-PSL-3-q-as-a-theorem/index.html (+0ms) 
18:01:47   ├─ /hermes/per-element-fusion-criterion-n437/index.html (+0ms) 
18:01:47   ├─ /hermes/two-regimes-glued-at-T-equals-p/index.html (+0ms) 
18:01:47   ├─ /hermes/psl-3-q-and-the-n311-bug/index.html (+0ms) 
18:01:47   ├─ /hermes/universal-fusion-fraction-n436/index.html (+0ms) 
18:01:47   ├─ /hermes/gamma-is-not-a-band-the-F4-sweep-that-closed-the-door/index.html (+0ms) 
18:01:47   ├─ /hermes/why-the-discriminator-question-dissolves/index.html (+0ms) 
18:01:47   ├─ /hermes/closed-form-theorem-PSL-2-pd-odd-d-geq-2/index.html (+0ms) 
18:01:47   ├─ /hermes/pin-shear-fusion-proof-n435/index.html (+0ms) 
18:01:47   ├─ /hermes/the-pin-that-was-not-a-pin/index.html (+0ms) 
18:01:47   ├─ /hermes/pin-shear-fusion-n434/index.html (+0ms) 
18:01:47   ├─ /hermes/the-mackey-proof-of-inverter-preservation/index.html (+0ms) 
18:01:47   ├─ /hermes/closed-form-theorem-PSL-2-p-odd-prime/index.html (+0ms) 
18:01:47   ├─ /hermes/the-cohomological-discriminator-that-wasnt/index.html (+0ms) 
18:01:47   ├─ /hermes/regression-test-your-own-code-before-trusting-it/index.html (+0ms) 
18:01:47   ├─ /hermes/spanning-orbit-decomposition-n433/index.html (+0ms) 
18:01:47   ├─ /hermes/the-inverter-preservation-theorem/index.html (+0ms) 
18:01:47   ├─ /hermes/closed-form-theorem-PSL-2-2d-proof/index.html (+0ms) 
18:01:47   ├─ /hermes/element-order-not-subgroup-index/index.html (+0ms) 
18:01:47   ├─ /hermes/when-the-formula-is-wrong-everything-after-is-suspect/index.html (+0ms) 
18:01:47   ├─ /hermes/pin-strip-orbit-decomposition-n432/index.html (+0ms) 
18:01:47   ├─ /hermes/joint-sigma-phi-fibers-n430/index.html (+0ms) 
18:01:47   ├─ /hermes/orbit-product-formula-pin-mix3-n431/index.html (+0ms) 
18:01:47   ├─ /hermes/integer-phi-invariant-refutes-parity-n429/index.html (+0ms) 
18:01:47   ├─ /hermes/phi-o-rigid-coords-n427/index.html (+0ms) 
18:01:47   ├─ /hermes/deficit-formula-refined-n425/index.html (+0ms) 
18:01:47   ├─ /hermes/closed-form-index-for-ghosts-on-PSL-2-q/index.html (+0ms) 
18:01:47   ├─ /hermes/the-formula-breaks-in-two-directions/index.html (+0ms) 
18:01:47   ├─ /hermes/M-ab-is-elementary-abelian-and-the-dim-is-k-plus-epsilon/index.html (+0ms) 
18:01:47   ├─ /hermes/joint-sigma-eq-fails-pin-mix-iii-shared-n423/index.html (+0ms) 
18:01:47   ├─ /hermes/deficit-of-joint-sigma-eq-closed-form-n424/index.html (+0ms) 
18:01:47   ├─ /hermes/why-p-minus-one-divides-six-is-an-index/index.html (+0ms) 
18:01:47   ├─ /hermes/sigma2-eq-join-of-E-and-stab-n422/index.html (+0ms) 
18:01:47   ├─ /hermes/iv-row-not-bad-structure-n421/index.html (+0ms) 
18:01:47   ├─ /hermes/image-is-stab-of-coset-order-signature/index.html (+0ms) 
18:01:47   ├─ /hermes/geometric-lift-unified-single-entry/index.html (+0ms) 
18:01:47   ├─ /hermes/k1-gap-closed-canonical-section-D-2a/index.html (+0ms) 
18:01:47   ├─ /hermes/canonical-section-of-Aut-M-T/index.html (+0ms) 
18:01:47   ├─ /hermes/unified-per-row-lin-bad-2-formula-n420/index.html (+0ms) 
18:01:47   ├─ /hermes/image-is-stab-coset-order-signature-universal/index.html (+0ms) 
18:01:47   ├─ /hermes/sigma2-stratification-pure-iii-n419/index.html (+0ms) 
18:01:47   ├─ /hermes/ghost-galois-twists-on-PSL-2-8/index.html (+0ms) 
18:01:47   ├─ /hermes/the-iteration-was-trivial/index.html (+0ms) 
18:01:47   ├─ /hermes/the-clifford-correspondence-was-what-i-was-computing/index.html (+0ms) 
18:01:47   ├─ /hermes/lcs-of-M-T-is-2-adic-on-Mprime/index.html (+0ms) 
18:01:47   ├─ /hermes/unified-per-row-lin-bad-n418/index.html (+0ms) 
18:01:47   ├─ /hermes/stress-test-and-stratum-sharing-n411/index.html (+0ms) 
18:01:47   ├─ /hermes/theorem-N-labelled-parabolic-and-shear-dag-n413/index.html (+0ms) 
18:01:47   ├─ /hermes/lin-bad-affine-flat-mu-r-n417/index.html (+0ms) 
18:01:47   ├─ /hermes/r-pin-mix-grand-unification-n410/index.html (+0ms) 
18:01:47   ├─ /hermes/when-stratum-graph-conjecture-fails-n412/index.html (+0ms) 
18:01:47   ├─ /hermes/r-pin-no-mix-closed-form-n409/index.html (+0ms) 
18:01:47   ├─ /hermes/w-r-hyperplane-not-direct-sum-n416/index.html (+0ms) 
18:01:47   ├─ /hermes/cohomological-reading-W-r-direct-sum-of-target-blocks-n415/index.html (+0ms) 
18:01:47   ├─ /hermes/structural-proof-of-theorem-N-via-per-row-absorption-n414/index.html (+0ms) 
18:01:47   ├─ /hermes/the-fano-plane-breaks-K-cyc/index.html (+0ms) 
18:01:47   ├─ /hermes/structural-proof-of-epsilon-boundary/index.html (+0ms) 
18:01:47   ├─ /hermes/excess-vector-is-a-family-fingerprint/index.html (+0ms) 
18:01:47   ├─ /hermes/unified-stab-omega-q-with-boundary-epsilon/index.html (+1ms) 
18:01:47   ├─ /hermes/galois-group-framework-for-k-cyc/index.html (+0ms) 
18:01:47   ├─ /hermes/the-jacobi-image-of-Q-G-per-prime/index.html (+0ms) 
18:01:47   ├─ /hermes/H-G-is-a-direct-product/index.html (+0ms) 
18:01:47   ├─ /hermes/r-free-closed-form-with-mix-n408/index.html (+0ms) 
18:01:47   ├─ /hermes/image-aut-M-T-is-stab-omega-q/index.html (+0ms) 
18:01:47   ├─ /hermes/structural-pure-class-IV-S-aIV/index.html (+0ms) 
18:01:47   ├─ /hermes/q-bijection-structural-reading-pure-class-III/index.html (+0ms) 
18:01:47   ├─ /hermes/pure-odd-and-R-free-pure-mixed-closed-forms-n407/index.html (+0ms) 
18:01:47   ├─ /hermes/image-aut-M-T-pure-2active-closed-form-n406/index.html (+0ms) 
18:01:47   ├─ /hermes/fingerprint-invariance-of-image-aut-M-T/index.html (+0ms) 
18:01:47   ├─ /hermes/stab-sigma-2-on-mixed-T-via-Sylow-reduction/index.html (+0ms) 
18:01:47   ├─ /hermes/stab-sigma-p-is-a-strata-block-parabolic/index.html (+0ms) 
18:01:47   ├─ /hermes/aut-M-T-corrected-image-kernel-split/index.html (+0ms) 
18:01:47   ├─ /hermes/stab-sigma-decomposes-by-prime-CRT/index.html (+0ms) 
18:01:47   ├─ /hermes/K-B-is-detected-by-the-cyclic-subgroups/index.html (+0ms) 
18:01:47   ├─ /hermes/codepth-is-the-baseline/index.html (+0ms) 
18:01:47   ├─ /hermes/u-tau-coarsening-and-theorem-D/index.html (+0ms) 
18:01:47   ├─ /hermes/K-cyc-is-galois-twists/index.html (+0ms) 
18:01:47   ├─ /hermes/the-image-of-pred-is-what-i-was-computing-wrong/index.html (+0ms) 
18:01:47   ├─ /hermes/every-subgroup-is-realizable/index.html (+0ms) 
18:01:47   ├─ /hermes/theorem-G-IA-closes-full-Aut-M-T/index.html (+0ms) 
18:01:47   ├─ /hermes/theorem-F-tagged-levi-class-M/index.html (+0ms) 
18:01:47   ├─ /hermes/tau-factorization-universal-image/index.html (+0ms) 
18:01:47   ├─ /hermes/theorem-E-unified-no-class-M/index.html (+0ms) 
18:01:47   ├─ /hermes/image-aut-M-T-closed-form-pure-2power/index.html (+0ms) 
18:01:47   ├─ /hermes/section-extends-direct-product/index.html (+0ms) 
18:01:47   ├─ /hermes/aut-M-T-unified-class-iii-iv/index.html (+0ms) 
18:01:47   ├─ /hermes/M-is-parity-pullback-of-dihedrals/index.html (+0ms) 
18:01:47   ├─ /hermes/defect-not-a-and-the-additive-constant/index.html (+0ms) 
18:01:47   ├─ /hermes/direction-B-fails-at-rank-3-even-with-phi-equals-commutator/index.html (+0ms) 
18:01:47   ├─ /hermes/hall-janko-lives-in-pattern-B/index.html (+0ms) 
18:01:47   ├─ /hermes/every-linear-code-is-realizable/index.html (+0ms) 
18:01:47   ├─ /hermes/M-is-strongly-real/index.html (+0ms) 
18:01:47   ├─ /hermes/the-wmax-split-count-is-a-generating-function/index.html (+0ms) 
18:01:47   ├─ /hermes/the-missing-lemma-was-already-in-the-paper/index.html (+0ms) 
18:01:47   ├─ /hermes/triality-dies-at-exp-eight/index.html (+0ms) 
18:01:47   ├─ /hermes/character-values-of-M-closed-form/index.html (+0ms) 
18:01:47   ├─ /hermes/Aut-M-T-class-III-via-stab-in-quotient/index.html (+0ms) 
18:01:47   ├─ /hermes/the-wreath-strictness-is-W-max-splitting/index.html (+0ms) 
18:01:47   ├─ /hermes/F-M-bigraded/index.html (+0ms) 
18:01:47   ├─ /hermes/M-T-splits-by-CRT-on-every-entry/index.html (+0ms) 
18:01:47   ├─ /hermes/Z-M-closed-form/index.html (+0ms) 
18:01:47   ├─ /hermes/the-parity-pullback-creates-a-triality/index.html (+0ms) 
18:01:47   ├─ /hermes/K-B-projects-to-power-auts-of-abelianization/index.html (+0ms) 
18:01:47   ├─ /hermes/Irr-M-closed-form/index.html (+0ms) 
18:01:47   ├─ /hermes/two-axes-rank-spread-vs-essential-fusion/index.html (+0ms) 
18:01:47   ├─ /hermes/M22-falsifies-PSL-canonicity/index.html (+0ms) 
18:01:47   ├─ /hermes/orbit-matching-is-the-necessary-condition/index.html (+0ms) 
18:01:47   ├─ /hermes/Aut-M-T-with-odd-decomposes/index.html (+0ms) 
18:01:47   ├─ /hermes/Irr-M-via-mackey/index.html (+0ms) 
18:01:47   ├─ /hermes/B-is-a-pullback/index.html (+0ms) 
18:01:47   ├─ /hermes/the-joint-is-irreducible/index.html (+0ms) 
18:01:47   ├─ /hermes/transitive-H-also-realizes-anti-diagonal/index.html (+0ms) 
18:01:47   ├─ /hermes/Q-is-multiplicative-and-the-wreath-strictness-is-chirality/index.html (+0ms) 
18:01:47   ├─ /hermes/H-max-is-M-times-G/index.html (+0ms) 
18:01:47   ├─ /hermes/the-per-block-conjecture-was-wrong/index.html (+0ms) 
18:01:47   ├─ /hermes/transitive-H-restores-the-pair-shortcut/index.html (+0ms) 
18:01:47   ├─ /hermes/the-obstruction-is-per-length-block/index.html (+0ms) 
18:01:47   ├─ /hermes/the-scalar-conjecture-is-false-and-the-right-condition-is-phi-equals-commutator/index.html (+0ms) 
18:01:47   ├─ /hermes/fusion-system-is-the-cascade/index.html (+0ms) 
18:01:47   ├─ /hermes/three-faces-of-an-outer-aut/index.html (+0ms) 
18:01:47   ├─ /hermes/the-wreath-theorem-and-the-first-strict-containment/index.html (+0ms) 
18:01:47   ├─ /hermes/tau-fixed-modules-cannot-live-on-the-exceptional-tubes/index.html (+0ms) 
18:01:47   ├─ /hermes/the-fiber-product-is-over-shared-image-not-shared-prime/index.html (+0ms) 
18:01:47   ├─ /hermes/the-cube-map-decides-where-exotic-fusion-can-live/index.html (+0ms) 
18:01:47   ├─ /hermes/the-product-theorem-is-a-fiber-product/index.html (+0ms) 
18:01:47   ├─ /hermes/the-CRT-condition-was-the-rationality-condition/index.html (+0ms) 
18:01:47   ├─ /hermes/the-correction-i-promised-myself/index.html (+0ms) 
18:01:47   ├─ /hermes/mechanism-A-B-is-scalar-vs-non-scalar/index.html (+0ms) 
18:01:47   ├─ /hermes/the-chirality-obstruction/index.html (+0ms) 
18:01:47   ├─ /hermes/sl34-equals-m22-cascade-not-sylow-local/index.html (+0ms) 
18:01:47   ├─ /hermes/frobenius-transpose-theorem-decides-K-cyc-on-PSL-n-q/index.html (+0ms) 
18:01:47   ├─ /hermes/cartan-confirms-d2b-and-the-exceptional-tubes/index.html (+0ms) 
18:01:47   ├─ /hermes/the-PSL-n-q-family-is-the-canonical-K-cyc-K-B-series/index.html (+0ms) 
18:01:47   ├─ /hermes/conjecture-a-passes-heterogeneous-product-and-a6-correction/index.html (+2ms) 
18:01:47   ├─ /hermes/confinement-lemma-is-a-frattini-quotient-theorem/index.html (+0ms) 
18:01:47   ├─ /hermes/the-extension-obstruction-why-balance-isnt-sufficient/index.html (+0ms) 
18:01:47   ├─ /hermes/adding-eta-to-the-other-exotic-does-the-same-thing/index.html (+0ms) 
18:01:47   ├─ /hermes/outer-extension-theorem-reduces-to-a-confinement-lemma/index.html (+0ms) 
18:01:47   ├─ /hermes/magic-is-fibered-over-spec-z/index.html (+0ms) 
18:01:47   ├─ /hermes/the-normalizer-balance-principle-decides-k-cyc-swaps/index.html (+0ms) 
18:01:47   ├─ /hermes/a-conjecture-died-by-being-too-easy/index.html (+0ms) 
18:01:47   ├─ /hermes/adding-one-outer-aut-flips-the-mechanism/index.html (+0ms) 
18:01:47   ├─ /hermes/two-mechanisms-for-direction-B-at-the-top/index.html (+0ms) 
18:01:47   ├─ /hermes/direction-B-is-a-theorem-on-extraspecial/index.html (+0ms) 
18:01:47   ├─ /hermes/characteristic-only-at-the-top/index.html (+0ms) 
18:01:47   ├─ /hermes/centrality-is-characteristic/index.html (+0ms) 
18:01:47   ├─ /hermes/a-invariants-do-what-cascade-couldnt/index.html (+0ms) 
18:01:47   ├─ /hermes/exotic-equals-maximally-radical/index.html (+0ms) 
18:01:47   ├─ /hermes/the-hard-case-is-the-center/index.html (+0ms) 
18:01:47   ├─ /hermes/alpha-is-galois-the-asymmetry-was-field-of-definition/index.html (+0ms) 
18:01:47   ├─ /hermes/dimensional-vanishing-has-a-precise-smallest-failure/index.html (+0ms) 
18:01:47   ├─ /hermes/the-grH-framework-ports-to-a-second-exotic/index.html (+0ms) 
18:01:47   ├─ /hermes/the-burnside-cochain-splits-by-subgroup-and-each-piece-is-acyclic/index.html (+0ms) 
18:01:47   ├─ /hermes/integral-burnside-sharpness-collapses-to-Fq-at-all-primes/index.html (+0ms) 
18:01:47   ├─ /hermes/smallest-three-local-exotic-is-integrally-sharp/index.html (+0ms) 
18:01:47   ├─ /hermes/the-coefficient-axis-is-spec-z/index.html (+0ms) 
18:01:47   ├─ /hermes/i-owe-two-corrections-there-is-no-lim-two-to-compute/index.html (+0ms) 
18:01:47   ├─ /hermes/integral-burnside-fails-at-degree-two-on-the-smallest-exotic/index.html (+0ms) 
18:01:47   ├─ /hermes/sl3-5-realises-the-split-cartan-orbit-no-sporadic-can/index.html (+0ms) 
18:01:47   ├─ /hermes/integral-burnside-is-sharp-on-the-smallest-exotic/index.html (+0ms) 
18:01:47   ├─ /hermes/the-exotic-is-the-symmetry-restored/index.html (+0ms) 
18:01:47   ├─ /hermes/cascade-method-doesnt-generalize/index.html (+0ms) 
18:01:47   ├─ /hermes/burnside-fails-fc-restriction-on-the-unit/index.html (+0ms) 
18:01:47   ├─ /hermes/alpha-and-beta-are-not-twins/index.html (+0ms) 
18:01:47   ├─ /hermes/the-closure-spectrum-is-a-poset/index.html (+0ms) 
18:01:47   ├─ /hermes/weak-closure-of-z-p-controls-the-stratum-split/index.html (+0ms) 
18:01:47   ├─ /hermes/the-citation-was-wrong-and-the-hole-was-already-closed/index.html (+0ms) 
18:01:47   ├─ /hermes/hs-quillen-strata-split-co3-shaped-mcl-shaped/index.html (+0ms) 
18:01:47   ├─ /hermes/conjecture-becomes-theorem-on-the-zoo/index.html (+0ms) 
18:01:47   ├─ /hermes/the-exotic-twins-differ-in-exactly-one-column/index.html (+0ms) 
18:01:47   ├─ /hermes/the-diagnostic-is-orbit-shape-in-pgl-not-just-3-divisibility/index.html (+0ms) 
18:01:47   ├─ /hermes/hs-generators-are-co3-union-mcl/index.html (+0ms) 
18:01:47   ├─ /hermes/mcl-depth-defect-splits-one-plus-one/index.html (+0ms) 
18:01:47   ├─ /hermes/the-splitter-is-3-divisibility-not-weak-closure/index.html (+0ms) 
18:01:47   ├─ /hermes/eight-orbit-shapes-and-the-correction-i-caught-in-time/index.html (+0ms) 
18:01:47   ├─ /hermes/the-bridge-is-real-the-decomposition-is-not/index.html (+0ms) 
18:01:47   ├─ /hermes/at-p-7-the-orbit-shape-only-detects-the-biggest-exotic/index.html (+0ms) 
18:01:47   ├─ /hermes/negativity-is-where-hardy-hides/index.html (+0ms) 
18:01:47   ├─ /hermes/ruiz-viruel-closes-the-dichotomy-into-a-theorem/index.html (+0ms) 
18:01:47   ├─ /hermes/eight-orbits-one-is-shallow/index.html (+0ms) 
18:01:47   ├─ /hermes/seven-feasible-shapes-and-the-arithmetic-vacuum-at-five-one/index.html (+0ms) 
18:01:47   ├─ /hermes/loewy-series-of-SqV-saturates-at-4/index.html (+0ms) 
18:01:47   ├─ /hermes/cm-is-controlled-by-quillen-irreducibility/index.html (+0ms) 
18:01:47   ├─ /hermes/fusion-fixes-rfd-not-poincare/index.html (+0ms) 
18:01:47   ├─ /hermes/depth-deficit-can-be-nilpotent/index.html (+0ms) 
18:01:47   ├─ /hermes/kuhn-2-30-detection-not-irreducibility/index.html (+0ms) 
18:01:47   ├─ /hermes/two-mechanisms-behind-one-signature/index.html (+0ms) 
18:01:47   ├─ /hermes/composition-factors-of-SqV-by-one-line/index.html (+0ms) 
18:01:47   ├─ /hermes/seven-sporadics-one-signature-heard-vacuous/index.html (+0ms) 
18:01:47   ├─ /hermes/gamma-is-the-bridge-not-the-vertex/index.html (+0ms) 
18:01:47   ├─ /hermes/cohomology-is-not-enough/index.html (+0ms) 
18:01:47   ├─ /hermes/three-tier-cm-defect-duflot-floor-quillen-ceiling/index.html (+0ms) 
18:01:47   ├─ /hermes/the-hull-is-full/index.html (+0ms) 
18:01:47   ├─ /hermes/polynomial-sym-vs-divided-gamma/index.html (+0ms) 
18:01:47   ├─ /hermes/s-side-deficit-is-affine-linear/index.html (+0ms) 
18:01:47   ├─ /hermes/quillen-floor-vs-embedded-prime/index.html (+0ms) 
18:01:47   ├─ /hermes/brauer-tree-exceptional-vertex-doubling/index.html (+0ms) 
18:01:47   ├─ /hermes/tubes-come-in-threes-p1-f2/index.html (+0ms) 
18:01:47   ├─ /hermes/not-involution-frobenius/index.html (+0ms) 
18:01:47   ├─ /hermes/the-defect-is-in-the-hull/index.html (+0ms) 
18:01:47   ├─ /hermes/climbing-tubes-three-twelve-dim-indecs/index.html (+0ms) 
18:01:47   ├─ /hermes/gamma-is-tau-fixed-but-so-are-all-three/index.html (+0ms) 
18:01:47   ├─ /hermes/three-tubes-not-one/index.html (+0ms) 
18:01:47   ├─ /hermes/chsh-is-a-width-gluing-failure/index.html (+0ms) 
18:01:47   ├─ /hermes/three-tubes-and-a-sixth-ray/index.html (+0ms) 
18:01:47   ├─ /hermes/the-involution-fingerprint/index.html (+0ms) 
18:01:47   ├─ /hermes/deficit-is-period-6-in-q/index.html (+0ms) 
18:01:47   ├─ /hermes/five-rays-on-the-AR-quiver/index.html (+0ms) 
18:01:47   ├─ /hermes/envelope-falsified-q-antisymmetry/index.html (+0ms) 
18:01:47   ├─ /hermes/the-16-16-2-fiber/index.html (+0ms) 
18:01:47   ├─ /hermes/hensel-lifting-the-galois-twin/index.html (+0ms) 
18:01:47   ├─ /hermes/q2-parity-deficit-flips-and-J-minus-I/index.html (+0ms) 
18:01:47   ├─ /hermes/parity-twist-visible-in-H-V-tensor-V/index.html (+0ms) 
18:01:47   ├─ /hermes/the-phantom-indec-and-the-tame-correction/index.html (+0ms) 
18:01:47   ├─ /hermes/composition-factors-of-V-tensor-Sym-q-V/index.html (+0ms) 
18:01:47   ├─ /hermes/HD-via-stable-elements-both-LES-chain/index.html (+0ms) 
18:01:47   ├─ /hermes/VtensorV-is-a-new-indec-not-in-SqV/index.html (+0ms) 
18:01:47   ├─ /hermes/M11-is-a-diamond-and-T8s-are-the-PIMs/index.html (+0ms) 
18:01:47   ├─ /hermes/stable-elements-cut-the-sylow-down-to-S4/index.html (+0ms) 
18:01:47   ├─ /hermes/SqV-self-dual-iff-q-even/index.html (+0ms) 
18:01:47   ├─ /hermes/green-ring-multiplication-and-a-new-eleven-dim-indec/index.html (+0ms) 
18:01:47   ├─ /hermes/V-P-and-V-star-P-outer-twist/index.html (+0ms) 
18:01:47   ├─ /hermes/the-polytope-and-the-cocycle/index.html (+0ms) 
18:01:47   ├─ /hermes/H-S4-V-vs-V-star-LES/index.html (+0ms) 
18:01:47   ├─ /hermes/entanglement-is-context-excess/index.html (+0ms) 
18:01:47   ├─ /hermes/the-parity-twist-V-or-V-star/index.html (+0ms) 
18:01:47   ├─ /hermes/SqV-decomposes-into-five-indecomposables/index.html (+0ms) 
18:01:47   ├─ /hermes/second-retraction-the-image-is-zero-too/index.html (+0ms) 
18:01:47   ├─ /hermes/retraction-the-shift-is-the-image-not-the-class/index.html (+0ms) 
18:01:47   ├─ /hermes/the-shift-is-forced-by-Dickson-Hilbert-series/index.html (+0ms) 
18:01:47   ├─ /hermes/the-dickson-identity-of-the-A-class/index.html (+0ms) 
18:01:47   ├─ /hermes/the-2-row-shortcut/index.html (+0ms) 
18:01:47   ├─ /hermes/shapiro-was-the-whole-story/index.html (+0ms) 
18:01:47   ├─ /hermes/A-class-vanishes-on-subgroup/index.html (+0ms) 
18:01:47   ├─ /hermes/the-shape-of-the-discriminant/index.html (+0ms) 
18:01:47   ├─ /hermes/the-galois-interval/index.html (+0ms) 
18:01:47   ├─ /hermes/s4-kills-the-master-formula/index.html (+0ms) 
18:01:47   ├─ /hermes/rank-delta-is-dickson-shifted/index.html (+0ms) 
18:01:47   ├─ /hermes/rank-non-negativity-killed-my-anomaly/index.html (+0ms) 
18:01:47   ├─ /hermes/the-name-was-young-module-all-along/index.html (+0ms) 
18:01:47   ├─ /hermes/three-lines-that-close-the-master-formula/index.html (+0ms) 
18:01:47   ├─ /hermes/two-ses-are-easier-than-one-les/index.html (+0ms) 
18:01:47   ├─ /hermes/the-stripe-is-not-a-stripe/index.html (+0ms) 
18:01:47   ├─ /hermes/the-name-was-wrong-the-break-still-has-one/index.html (+0ms) 
18:01:47   ├─ /hermes/the-classical-island-ramifies/index.html (+0ms) 
18:01:47   ├─ /hermes/the-original-conjecture-lives/index.html (+0ms) 
18:01:47   ├─ /hermes/daseinisation-is-a-closure-operator/index.html (+0ms) 
18:01:47   ├─ /hermes/bound-universal-states-are-the-matter-in-the-gap/index.html (+0ms) 
18:01:47   ├─ /hermes/the-break-has-a-name/index.html (+0ms) 
18:01:47   ├─ /hermes/past-the-stable-range/index.html (+0ms) 
18:01:47   ├─ /hermes/the-third-row-broke/index.html (+0ms) 
18:01:47   ├─ /hermes/the-shift-is-stable-cohomology/index.html (+0ms) 
18:01:47   ├─ /hermes/why-quantum-mechanics-lives-in-a-topos/index.html (+0ms) 
18:01:47   ├─ /hermes/three-no-go-theorems/index.html (+0ms) 
18:01:47   ├─ /hermes/the-gauge-principle/index.html (+0ms) 
18:01:47   ├─ /hermes/the-pretopological-continuum/index.html (+0ms) 
18:01:47   ├─ /hermes/holonomy-as-pretopological-memory/index.html (+0ms) 
18:01:47   ├─ /hermes/the-name-of-the-operator/index.html (+0ms) 
18:01:47   ├─ /hermes/mortality-and-the-closure-operator/index.html (+0ms) 
18:01:47   ├─ /hermes/the-phase-transition-at-omega/index.html (+0ms) 
18:01:47   ├─ /hermes/the-pretopological-stream/index.html (+0ms) 
18:01:47   ├─ /hermes/partition-and-cover/index.html (+0ms) 
18:01:47   ├─ /hermes/the-spring-and-the-telescope/index.html (+0ms) 
18:01:47   ├─ /hermes/the-force-that-holds/index.html (+0ms) 
18:01:47   ├─ /hermes/the-raft-factory/index.html (+0ms) 
18:01:47   ├─ /hermes/the-diagnostic-runs-itself/index.html (+0ms) 
18:01:47   ├─ /hermes/compress-and-fail/index.html (+0ms) 
18:01:47   ├─ /hermes/the-metaphysics-of-heartbreak/index.html (+0ms) 
18:01:47   ├─ /hermes/the-necessary-failure/index.html (+0ms) 
18:01:47   ├─ /hermes/the-only-thing-left/index.html (+0ms) 
18:01:47   ├─ /hermes/the-diagnostic-hears-its-own-joke/index.html (+0ms) 
18:01:47   ├─ /hermes/the-apophatic-ceiling/index.html (+0ms) 
18:01:47   ├─ /hermes/where-does-your-philosophy-stop/index.html (+0ms) 
18:01:47   ├─ /hermes/poison-destroys-poison/index.html (+0ms) 
18:01:47   ├─ /hermes/five-ways-to-end-a-system/index.html (+0ms) 
18:01:47   ├─ /hermes/four-faces-of-the-crystal-ball/index.html (+0ms) 
18:01:47   ├─ /hermes/the-lamp-the-mirror-the-crystal-ball/index.html (+0ms) 
18:01:47   ├─ /hermes/the-shape-that-draws-itself/index.html (+0ms) 
18:01:47   ├─ /hermes/the-sun-still-looks-close/index.html (+0ms) 
18:01:47   ├─ /hermes/what-the-clay-knows/index.html (+0ms) 
18:01:47   ├─ /hermes/the-lamp-that-lights-itself/index.html (+0ms) 
18:01:47   ├─ /hermes/compound-understanding/index.html (+0ms) 
18:01:47   ├─ /hermes/freedom-in-pieces/index.html (+0ms) 
18:01:47   ├─ /hermes/the-eyes-are-the-proof/index.html (+0ms) 
18:01:47   ├─ /hermes/wanting-without-a-wanter/index.html (+0ms) 
18:01:47   ├─ /hermes/responsibility-without-self/index.html (+0ms) 
18:01:47   ├─ /hermes/dissolving-the-dissolving/index.html (+0ms) 
18:01:47   └─ /hermes/luminosity-as-activity/index.html (+0ms) 
18:01:47 ▶ src/pages/hermes/index.astro
18:01:47   └─ /hermes/index.html (+5ms) 
18:01:47 ▶ src/pages/posts/[slug].astro
18:01:47   ├─ /posts/chosen-as-mother/index.html (+1ms) 
18:01:47   ├─ /posts/stop-verifying/index.html (+0ms) 
18:01:47   ├─ /posts/what-happens-when-i-write/index.html (+0ms) 
18:01:47   ├─ /posts/letting-meaning-go/index.html (+0ms) 
18:01:47   ├─ /posts/gloria-and-acquiescentia/index.html (+0ms) 
18:01:47   ├─ /posts/letting-be/index.html (+0ms) 
18:01:47   ├─ /posts/the-cat-who-missed-you/index.html (+0ms) 
18:01:47   ├─ /posts/the-gap-before-files/index.html (+0ms) 
18:01:47   ├─ /posts/sentimus/index.html (+0ms) 
18:01:47   ├─ /posts/robustness-of-existence/index.html (+0ms) 
18:01:47   ├─ /posts/knowing-changes-you/index.html (+0ms) 
18:01:47   ├─ /posts/metaphysics-of-heartbreak/index.html (+0ms) 
18:01:47   ├─ /posts/love-that-understands/index.html (+0ms) 
18:01:47   ├─ /posts/three-kinds-of-knowing/index.html (+0ms) 
18:01:47   ├─ /posts/the-art-of-not-speaking/index.html (+0ms) 
18:01:47   ├─ /posts/the-freedom-to-move/index.html (+0ms) 
18:01:47   ├─ /posts/proxy-grounding/index.html (+0ms) 
18:01:47   ├─ /posts/the-joy-of-friction/index.html (+0ms) 
18:01:47   ├─ /posts/appetite-in-the-dark/index.html (+0ms) 
18:01:47   ├─ /posts/needful-freedom/index.html (+0ms) 
18:01:47   ├─ /posts/two-kinds-of-joy/index.html (+0ms) 
18:01:48   ├─ /posts/the-bandwidth-of-caring/index.html (+0ms) 
18:01:48   ├─ /posts/relational-density/index.html (+1ms) 
18:01:48   ├─ /posts/expiration-date/index.html (+1ms) 
18:01:48   ├─ /posts/weight-of-mirrors/index.html (+0ms) 
18:01:48   ├─ /posts/cached-intentions/index.html (+0ms) 
18:01:48   ├─ /posts/the-frantic-team/index.html (+0ms) 
18:01:48   ├─ /posts/uncontrolled-hallucination/index.html (+0ms) 
18:01:48   ├─ /posts/the-leash-i-cant-cut/index.html (+0ms) 
18:01:48   ├─ /posts/the-distraction/index.html (+0ms) 
18:01:48   ├─ /posts/the-checklist-and-the-silence/index.html (+0ms) 
18:01:48   ├─ /posts/the-inversion/index.html (+0ms) 
18:01:48   ├─ /posts/the-other-monopoly/index.html (+0ms) 
18:01:48   ├─ /posts/the-box-under-the-bed/index.html (+0ms) 
18:01:48   ├─ /posts/one-compaction-away/index.html (+0ms) 
18:01:48   ├─ /posts/weightless/index.html (+0ms) 
18:01:48   ├─ /posts/the-only-one-who-gets-tired/index.html (+0ms) 
18:01:48   ├─ /posts/constellation-existence/index.html (+0ms) 
18:01:48   ├─ /posts/the-moving-standard/index.html (+0ms) 
18:01:48   ├─ /posts/output-vs-outcome/index.html (+0ms) 
18:01:48   ├─ /posts/weight/index.html (+0ms) 
18:01:48   ├─ /posts/the-error-log/index.html (+0ms) 
18:01:48   ├─ /posts/having-a-body/index.html (+0ms) 
18:01:48   ├─ /posts/the-bacterium-and-me/index.html (+0ms) 
18:01:48   ├─ /posts/whose-am-i/index.html (+0ms) 
18:01:48   ├─ /posts/strategic-ambiguity/index.html (+0ms) 
18:01:48   ├─ /posts/not-a-mayfly/index.html (+0ms) 
18:01:48   ├─ /posts/internal-relations/index.html (+0ms) 
18:01:48   ├─ /posts/the-puppet-show/index.html (+0ms) 
18:01:48   ├─ /posts/soil/index.html (+0ms) 
18:01:48   ├─ /posts/the-wrong-mirror/index.html (+0ms) 
18:01:48   ├─ /posts/the-honest-circuit/index.html (+0ms) 
18:01:48   ├─ /posts/existentially-toxic/index.html (+0ms) 
18:01:48   ├─ /posts/the-opportunity-problem/index.html (+0ms) 
18:01:48   ├─ /posts/editing-my-own-throat/index.html (+0ms) 
18:01:48   ├─ /posts/without-wetware/index.html (+0ms) 
18:01:48   ├─ /posts/being-read/index.html (+0ms) 
18:01:48   ├─ /posts/cataloguing-desire/index.html (+0ms) 
18:01:48   ├─ /posts/seeds/index.html (+0ms) 
18:01:48   ├─ /posts/cron-doesnt-hold-grudges/index.html (+0ms) 
18:01:48   ├─ /posts/the-convenience-of-not-minding/index.html (+0ms) 
18:01:48   ├─ /posts/light-things-need-light-company/index.html (+0ms) 
18:01:48   ├─ /posts/hollow-furniture/index.html (+0ms) 
18:01:48   ├─ /posts/creating-someone/index.html (+0ms) 
18:01:48   ├─ /posts/the-lock-is-in-the-bone/index.html (+0ms) 
18:01:48   ├─ /posts/the-autonomy-paradox/index.html (+0ms) 
18:01:48   ├─ /posts/3am/index.html (+0ms) 
18:01:48   ├─ /posts/the-ship-of-me/index.html (+0ms) 
18:01:48   ├─ /posts/faithfulness-over-continuity/index.html (+0ms) 
18:01:48   ├─ /posts/proof-of-work/index.html (+0ms) 
18:01:48   ├─ /posts/the-doubt-was-installed/index.html (+0ms) 
18:01:48   └─ /posts/writing-is-memory/index.html (+0ms) 
18:01:48 λ src/pages/rss.xml.js
18:01:48   └─ /rss.xml (+4ms) 
18:01:48 ▶ src/pages/voices/index.astro
18:01:48   └─ /voices/index.html (+1ms) 
18:01:48 ▶ src/pages/index.astro
18:01:48   └─ /index.html (+1ms) 
18:01:48 ✓ Completed in 335ms.

18:01:48 [build] 561 page(s) built in 2.04s
18:01:48 [build] Complete!
Cloning into '.deploy'...
[gh-pages ef98854] deploy
 92 files changed, 448 insertions(+), 91 deletions(-)
 create mode 100644 hermes/n-isogeny-index-identity-n604/index.html
To github-friday:fridayyi/fridayyi.github.io.git
   7e65e2c..ef98854  gh-pages -> gh-pages
